>>> print_square = __import__('4-print_square').print_square

# Test 1: Carré de taille 4
>>> print_square(4)
####
####
####
####

# Test 2: Carré de taille 1
>>> print_square(1)
#

# Test 3: Carré de taille 10
>>> print_square(10)
##########
##########
##########
##########
##########
##########
##########
##########
##########
##########

# Test 4: Carré de taille 0 (ne print rien)
>>> print_square(0)

# Test 5: Carré de taille 2
>>> print_square(2)
##
##

# Test 6: Erreur - size est une string
>>> print_square("3")
Traceback (most recent call last):
    ...
TypeError: size must be an integer

# Test 7: Erreur - size est None
>>> print_square(None)
Traceback (most recent call last):
    ...
TypeError: size must be an integer

# Test 8: Erreur - size est un float positif
>>> print_square(3.5)
Traceback (most recent call last):
    ...
TypeError: size must be an integer

# Test 9: Erreur - size est un float négatif
>>> print_square(-3.5)
Traceback (most recent call last):
    ...
TypeError: size must be an integer

# Test 10: Erreur - size est négatif
>>> print_square(-5)
Traceback (most recent call last):
    ...
ValueError: size must be >= 0

# Test 11: Erreur - size est une liste
>>> print_square([4])
Traceback (most recent call last):
    ...
TypeError: size must be an integer

# Test 12: Erreur - size est un dictionnaire
>>> print_square({"size": 4})
Traceback (most recent call last):
    ...
TypeError: size must be an integer

# Test 13: Erreur - aucun argument
>>> print_square()
Traceback (most recent call last):
    ...
TypeError: print_square() missing 1 required positional argument: 'size'

# Test 14: Carré de taille 3
>>> print_square(3)
###
###
###

# Test 15: Erreur - size est un boolean True (doit lever TypeError)
>>> print_square(True)
Traceback (most recent call last):
    ...
TypeError: size must be an integer

# Test 16: Erreur - size est un float 0.0
>>> print_square(0.0)
Traceback (most recent call last):
    ...
TypeError: size must be an integer

# Test 17: Grand carré
>>> print_square(5)
#####
#####
#####
#####
#####

# Test 18: Erreur - trop d'arguments
>>> print_square(3, 4)
Traceback (most recent call last):
    ...
TypeError: print_square() takes 1 positional argument but 2 were given

# Test 19: Erreur - size est infinity
>>> print_square(float('inf'))
Traceback (most recent call last):
    ...
TypeError: size must be an integer

# Test 20: Erreur - size négatif -1
>>> print_square(-1)
Traceback (most recent call last):
    ...
ValueError: size must be >= 0
